spawk-2.4.1/
spawk-2.4.1/tools/
spawk-2.4.1/tools/makeprn.sh
spawk-2.4.1/tools/makelib.sh
spawk-2.4.1/tools/checkincl.sh
spawk-2.4.1/tools/backup.sh
spawk-2.4.1/tools/makesrc.sh
spawk-2.4.1/Sample/
spawk-2.4.1/Sample/fillforex.awk
spawk-2.4.1/Sample/fillforex3.awk
spawk-2.4.1/Sample/fillforex2.awk
spawk-2.4.1/bin/
spawk-2.4.1/bin/spawk
spawk-2.4.1/NEWS
spawk-2.4.1/INSTALL
spawk-2.4.1/configure
spawk-2.4.1/Test/
spawk-2.4.1/Test/test51.awk
spawk-2.4.1/Test/test89.awk
spawk-2.4.1/Test/version.awk
spawk-2.4.1/Test/test31.awk
spawk-2.4.1/Test/test32.awk
spawk-2.4.1/Test/test91.awk
spawk-2.4.1/Test/test25.awk
spawk-2.4.1/Test/test00.awk
spawk-2.4.1/Test/test99.awk
spawk-2.4.1/Test/spawk.dd
spawk-2.4.1/Test/test98.awk
spawk-2.4.1/Test/test12.awk
spawk-2.4.1/Test/test97.awk
spawk-2.4.1/Test/test11.awk
spawk-2.4.1/Test/test24.awk
spawk-2.4.1/Test/test23.awk
spawk-2.4.1/Test/test22.awk
spawk-2.4.1/Test/test41.awk
spawk-2.4.1/Test/test21.awk
spawk-2.4.1/Test/spawk.awk
spawk-2.4.1/Test/test11.sh
spawk-2.4.1/Test/test81.awk
spawk-2.4.1/lib/
spawk-2.4.1/lib/vimrc
spawk-2.4.1/lib/options
spawk-2.4.1/lib/spawk.man
spawk-2.4.1/lib/AWK.bmp.gz
spawk-2.4.1/lib/version
spawk-2.4.1/lib/spawkrc
spawk-2.4.1/lib/install
spawk-2.4.1/lib/source.list
spawk-2.4.1/lib/my.cnf
spawk-2.4.1/lib/home.cnf
spawk-2.4.1/lib/makemake.awk
spawk-2.4.1/src/
spawk-2.4.1/src/return.c
spawk-2.4.1/src/select.c
spawk-2.4.1/src/spawkinfo.c
spawk-2.4.1/src/update.c
spawk-2.4.1/src/progname.c
spawk-2.4.1/src/query.c
spawk-2.4.1/src/data.c
spawk-2.4.1/src/clear.c
spawk-2.4.1/src/results.c
spawk-2.4.1/src/release.c
spawk-2.4.1/src/server.c
spawk-2.4.1/README
spawk-2.4.1/Example/
spawk-2.4.1/Example/ufstats/
spawk-2.4.1/Example/ufstats/ufstats.sch
spawk-2.4.1/Example/ufstats/ufstats.awk
spawk-2.4.1/Example/ufstats/create.awk
spawk-2.4.1/Example/ufstats/fscan.awk
spawk-2.4.1/src.stable/
spawk-2.4.1/src.stable/string.c
spawk-2.4.1/src.stable/program.c
spawk-2.4.1/src.stable/dlload.c
spawk-2.4.1/src.stable/index.c
spawk-2.4.1/src.stable/init.c
spawk-2.4.1/src.stable/affected.c
spawk-2.4.1/src.stable/error.c
spawk-2.4.1/src.stable/global.c
spawk-2.4.1/src.stable/debug.c
spawk-2.4.1/src.stable/spawkrc.c
